
> @cysur/tokens@0.1.0 build /Users/inzumer/Documents/Repositorios/Projects/inzumer-ui-library/packages/tokens
> tsup && pnpm run build:css

CLI Building entry: {"index":"src/index.ts","tailwind/preset":"src/tailwind/preset.ts"}
CLI Using tsconfig: tsconfig.json
CLI tsup v8.5.1
CLI Using tsup config: /Users/inzumer/Documents/Repositorios/Projects/inzumer-ui-library/packages/tokens/tsup.config.ts
CLI Target: es2022
CLI Cleaning output folder
ESM Build start
ESM dist/index.js               10.94 KB
ESM dist/tailwind/preset.js     4.93 KB
ESM dist/tailwind/preset.js.map 11.07 KB
ESM dist/index.js.map           23.74 KB
ESM ⚡️ Build success in 109ms
DTS Build start
DTS ⚡️ Build success in 2667ms
DTS dist/index.d.ts           5.04 KB
DTS dist/tailwind/preset.d.ts 123.00 B

> @cysur/tokens@0.1.0 build:css /Users/inzumer/Documents/Repositorios/Projects/inzumer-ui-library/packages/tokens
> cp src/css/*.css dist/css/

