
> @cysur/ui@0.1.0 build /Users/inzumer/Documents/Repositorios/Projects/inzumer-ui-library/packages/ui
> tsup

CLI Building entry: {"index":"src/index.ts","components/Button/index":"src/components/Button/index.ts","components/Input/index":"src/components/Input/index.ts","components/Card/index":"src/components/Card/index.ts"}
CLI Using tsconfig: tsconfig.json
CLI tsup v8.5.1
CLI Using tsup config: /Users/inzumer/Documents/Repositorios/Projects/inzumer-ui-library/packages/ui/tsup.config.ts
CLI Target: es2022
CLI Cleaning output folder
ESM Build start
ESM dist/index.js                       340.00 B
ESM dist/components/Card/index.js       214.00 B
ESM dist/chunk-AOZIXXST.js              2.33 KB
ESM dist/components/Input/index.js      165.00 B
ESM dist/chunk-UFTDZBHC.js              251.00 B
ESM dist/components/Button/index.js     167.00 B
ESM dist/chunk-YAK5FO4W.js              1.88 KB
ESM dist/chunk-5JRTI5JM.js              2.40 KB
ESM dist/index.js.map                   69.00 B
ESM dist/chunk-AOZIXXST.js.map          3.78 KB
ESM dist/components/Input/index.js.map  69.00 B
ESM dist/components/Card/index.js.map   69.00 B
ESM dist/components/Button/index.js.map 69.00 B
ESM dist/chunk-UFTDZBHC.js.map          386.00 B
ESM dist/chunk-YAK5FO4W.js.map          4.24 KB
ESM dist/chunk-5JRTI5JM.js.map          4.36 KB
ESM ⚡️ Build success in 106ms
DTS Build start
DTS ⚡️ Build success in 3952ms
DTS dist/index.d.ts                   579.00 B
DTS dist/components/Button/index.d.ts 1.12 KB
DTS dist/components/Input/index.d.ts  1.02 KB
DTS dist/components/Card/index.d.ts   1.67 KB
